Exception in Tkinter callback
Traceback (most recent call last):
  File "C:\Users\Phuong Nhung\AppData\Local\Python\pythoncore-3.14-64\Lib\tkinter\__init__.py", line 2093, in __call__
    return self.func(*args)
           ~~~~~~~~~^^^^^^^
  File "D:\QLTour\GUI\common\rounded_button.py", line 249, in _on_release
    self._command()
    ~~~~~~~~~~~~~^^
  File "D:\QLTour\GUI\common\..\..\GUI\HuongDV\Guide.py", line 1946, in <lambda>
    lambda t=title, s=subtitle, f=view_fn, b_idx=idx: open_view(t, s, f, nav_buttons[b_idx]),
                                                      ~~~~~~~~~^^^^^^^^^^^^^^^^^^^^^^^^^^^^^
  File "D:\QLTour\GUI\common\..\..\GUI\HuongDV\Guide.py", line 1920, in open_view
    view_fn()
    ~~~~~~~^^
  File "D:\QLTour\GUI\common\..\..\GUI\HuongDV\Guide.py", line 1429, in tab_thong_ke
    tk.Label(row2, text=tour_lbl_text, font=("Times New Roman", 9.5, "italic"), fg=THEME["muted"], bg="#ffffff").pack(side="left")
    ~~~~~~~~^^^^^^^^^^^^^^^^^^^^^^^^^^^^^^^^^^^^^^^^^^^^^^^^^^^^^^^^^^^^^^^^^^^^^^^^^^^^^^^^^^^^^^^^^^^^^^^^^^^^
  File "D:\QLTour\GUI\common\..\..\core\app.py", line 7059, in wrapped_init
    return original_init(self, *args, **kwargs)
  File "C:\Users\Phuong Nhung\AppData\Local\Python\pythoncore-3.14-64\Lib\tkinter\__init__.py", line 3392, in __init__
    Widget.__init__(self, master, 'label', cnf, kw)
    ~~~~~~~~~~~~~~~^^^^^^^^^^^^^^^^^^^^^^^^^^^^^^^^
  File "C:\Users\Phuong Nhung\AppData\Local\Python\pythoncore-3.14-64\Lib\tkinter\__init__.py", line 2805, in __init__
    self.tk.call(
    ~~~~~~~~~~~~^
        (widgetName, self._w) + extra + self._options(cnf))
        ^^^^^^^^^^^^^^^^^^^^^^^^^^^^^^^^^^^^^^^^^^^^^^^^^^^
_tkinter.TclError: expected integer but got "9.5"
Exception in Tkinter callback
Traceback (most recent call last):
  File "C:\Users\Phuong Nhung\AppData\Local\Python\pythoncore-3.14-64\Lib\tkinter\__init__.py", line 2093, in __call__
    return self.func(*args)
           ~~~~~~~~~^^^^^^^
  File "D:\QLTour\GUI\common\rounded_button.py", line 249, in _on_release
    self._command()
    ~~~~~~~~~~~~~^^
  File "D:\QLTour\GUI\common\..\..\GUI\HuongDV\Guide.py", line 1946, in <lambda>
    lambda t=title, s=subtitle, f=view_fn, b_idx=idx: open_view(t, s, f, nav_buttons[b_idx]),
                                                      ~~~~~~~~~^^^^^^^^^^^^^^^^^^^^^^^^^^^^^
  File "D:\QLTour\GUI\common\..\..\GUI\HuongDV\Guide.py", line 1920, in open_view
    view_fn()
    ~~~~~~~^^
  File "D:\QLTour\GUI\common\..\..\GUI\HuongDV\Guide.py", line 1429, in tab_thong_ke
    tk.Label(row2, text=tour_lbl_text, font=("Times New Roman", 9.5, "italic"), fg=THEME["muted"], bg="#ffffff").pack(side="left")
    ~~~~~~~~^^^^^^^^^^^^^^^^^^^^^^^^^^^^^^^^^^^^^^^^^^^^^^^^^^^^^^^^^^^^^^^^^^^^^^^^^^^^^^^^^^^^^^^^^^^^^^^^^^^^
  File "D:\QLTour\GUI\common\..\..\core\app.py", line 7059, in wrapped_init
    return original_init(self, *args, **kwargs)
  File "C:\Users\Phuong Nhung\AppData\Local\Python\pythoncore-3.14-64\Lib\tkinter\__init__.py", line 3392, in __init__
    Widget.__init__(self, master, 'label', cnf, kw)
    ~~~~~~~~~~~~~~~^^^^^^^^^^^^^^^^^^^^^^^^^^^^^^^^
  File "C:\Users\Phuong Nhung\AppData\Local\Python\pythoncore-3.14-64\Lib\tkinter\__init__.py", line 2805, in __init__
    self.tk.call(
    ~~~~~~~~~~~~^
        (widgetName, self._w) + extra + self._options(cnf))
        ^^^^^^^^^^^^^^^^^^^^^^^^^^^^^^^^^^^^^^^^^^^^^^^^^^^
_tkinter.TclError: expected integer but got "9.5"
Exception in Tkinter callback
Traceback (most recent call last):
  File "C:\Users\Phuong Nhung\AppData\Local\Python\pythoncore-3.14-64\Lib\tkinter\__init__.py", line 2093, in __call__
    return self.func(*args)
           ~~~~~~~~~^^^^^^^
  File "D:\QLTour\GUI\common\rounded_button.py", line 249, in _on_release
    self._command()
    ~~~~~~~~~~~~~^^
  File "D:\QLTour\GUI\common\..\..\GUI\HuongDV\Guide.py", line 1946, in <lambda>
    lambda t=title, s=subtitle, f=view_fn, b_idx=idx: open_view(t, s, f, nav_buttons[b_idx]),
                                                      ~~~~~~~~~^^^^^^^^^^^^^^^^^^^^^^^^^^^^^
  File "D:\QLTour\GUI\common\..\..\GUI\HuongDV\Guide.py", line 1920, in open_view
    view_fn()
    ~~~~~~~^^
  File "D:\QLTour\GUI\common\..\..\GUI\HuongDV\Guide.py", line 1429, in tab_thong_ke
    tk.Label(row2, text=tour_lbl_text, font=("Times New Roman", 9.5, "italic"), fg=THEME["muted"], bg="#ffffff").pack(side="left")
    ~~~~~~~~^^^^^^^^^^^^^^^^^^^^^^^^^^^^^^^^^^^^^^^^^^^^^^^^^^^^^^^^^^^^^^^^^^^^^^^^^^^^^^^^^^^^^^^^^^^^^^^^^^^^
  File "D:\QLTour\GUI\common\..\..\core\app.py", line 7059, in wrapped_init
    return original_init(self, *args, **kwargs)
  File "C:\Users\Phuong Nhung\AppData\Local\Python\pythoncore-3.14-64\Lib\tkinter\__init__.py", line 3392, in __init__
    Widget.__init__(self, master, 'label', cnf, kw)
    ~~~~~~~~~~~~~~~^^^^^^^^^^^^^^^^^^^^^^^^^^^^^^^^
  File "C:\Users\Phuong Nhung\AppData\Local\Python\pythoncore-3.14-64\Lib\tkinter\__init__.py", line 2805, in __init__
    self.tk.call(
    ~~~~~~~~~~~~^
        (widgetName, self._w) + extra + self._options(cnf))
        ^^^^^^^^^^^^^^^^^^^^^^^^^^^^^^^^^^^^^^^^^^^^^^^^^^^
_tkinter.TclError: expected integer but got "9.5"
